// Vitest Snapshot v1, https://vitest.dev/guide/snapshot.html

exports[`readImageToPokesolText > 01_ミライドン.webp 1`] = `
"ミライドン @ ふめい
テラスタイプ: 
特性: ハドロンエンジン
性格: ひかえめ
191(124)-94-121(4)-205(252)-136(4)-171(4124)
イナズマドライブ / りゅうせいぐん / マジカルシャイン / ポルトチェンジ"
`;

exports[`readImageToPokesolText > 02_ウーラオス.webp 1`] = `
"ウーラオス(連撃) @ ふめい
テラスタイプ: 
特性: ふかしのこぶし
性格: いじっぱり
189(108)-200(252)-139(4148)-74-80-117
すいりゅうれんだ / ドレインパンチ / れいとうパンチ / アクアジェット"
`;

exports[`readImageToPokesolText > 03_ディンルー.webp 1`] = `
"ディンルー @ ふめい
テラスタイプ: 
特性: わざわいのうつわ
性格: いじっぱり
231(4)-178(252)-146(4)-67-129(228)-68(20)
じしん / テラバースト / じならし / カタストロフィ"
`;

exports[`readImageToPokesolText > 04_アーマーガア.png 1`] = `
"アーマーガア @ ふめい
テラスタイプ: 
特性: ミラーアーマー
性格: なまいき
205(252)-107-131(44)-73-145(212)-69
アイアンヘッド / とんぼがえり / ちょうはつ / はねやすめ"
`;

exports[`readImageToPokesolText > 05_カイリュー.png 1`] = `
"カイリュー @ ふめい
テラスタイプ: 
特性: マルチスケイルー
性格: いじっぱり
197(244)-194(180)-425(76)-108-121(4)-101(4)
しんそく / じしん / アンコールー / はねやすめ"
`;

exports[`readImageToPokesolText > 06_ヒートロトム.png 1`] = `
"るヒートロトムニニーー @ ふめい
テラスタイプ: 
特性: ふゆうー
性格: ずぶとい
157(252)-76-474(252)-125-128(4)-106
イカサマーー / ボルトチェンジ / おにびー / いたみわけ"
`;

exports[`readImageToPokesolText > 07_ブリムオン.png 1`] = `
"ブリムオン @ ふめい
テラスタイプ: 
特性: マジックミラー
性格: れいせい
163(244)-110-14117(12)-206(252)-123-30
マジカルシャイン / ワイドフォース / サイコショック / サイコノイズ"
`;

exports[`readImageToPokesolText > 08_イエッサン.png 1`] = `
"イエッサン(オス) @ ふめい
テラスタイプ: 
特性: サイコメイカー
性格: のんき
167(252)-85-117(252)-125-116(4)-90
ワイドフォース / マジカルシャイン / いやしのねがい / トリックルーム"
`;

exports[`readImageToPokesolText > 09_カバルドン.png 1`] = `
"カバルドン @ ふめい
テラスタイプ: 
特性: すなおこし
性格: のんき
215(252)-132-152(4)-88-124(252)-60
じしん / あくびー / ふきとばし / ステルスロック"
`;

exports[`readImageToPokesolText > 10_ゴチルゼル.png 1`] = `
"ゴチルゼル @ ふめい
テラスタイプ: 
特性: かげふぶふみ
性格: ずぶとい
145-54-161(252)-115-140(76)-108(180)
ねむる / トリックーーー / いやしのはどう / いちゃもん"
`;

exports[`readImageToPokesolText > 11_ヘイラッシャ.png 1`] = `
"ヘイラッシャ @ ふめい
テラスタイプ: 
特性: どんかん
性格: いじっぱり
257(252)-167(252)-436(4)-76-85-40
ねむる / あくびーー / じしん / ウェーブタックル"
`;

exports[`readImageToPokesolText > 12_バドレックス.png 1`] = `
"バドレックス(白馬) @ ふめい
テラスタイプ: 
特性: じんばいったい(はくば)
性格: いじっぱり
207(252)-238(252)-470-94-151(4)-70
ブリザードランス / つららばり / タネばくだん / 10まんぱりき"
`;

exports[`readImageToPokesolText > 91_ミライドン_余白.webp 1`] = `
"全ニニントー @ ふめい
テラスタイプ: 
特性: ロマソエマララソー
性格: まじめ
NaN-4-123(20)-187(416)-136(4)-170(116)
イナズマドライブ / テラパースト / めいそう / こうそくいどう"
`;
