// Vitest Snapshot v1, https://vitest.dev/guide/snapshot.html

exports[`readImageToPokesolText > 01_ミライドン.webp 1`] = `
"ミライドン @ ふめい
テラスタイプ: 
特性: ハドロンエンジン
性格: ひかえめ
191(124)-94-121(4)-205(252)-136(4)-171(4124)
イナズマドライブ / りゅうせいぐん / マジカルシャイン / ポルトチェンジ"
`;

exports[`readImageToPokesolText > 02_ウーラオス.webp 1`] = `
"ウーラオス(連撃) @ ふめい
テラスタイプ: 
特性: ふかしのこぶし
性格: いじっぱり
189(108)-200(252)-139(4148)-74-80-117
すいりゅうれんだ / ドレインパンチ / れいとうパンチ / アクアジェット"
`;

exports[`readImageToPokesolText > 03_ディンルー.webp 1`] = `
"ディンルー @ ふめい
テラスタイプ: 
特性: わざわいのうつわ
性格: いじっぱり
231(4)-178(252)-146(4)-67-129(228)-68(20)
じしん / テラバースト / じならし / カタストロフィ"
`;

exports[`readImageToPokesolText > 04_アーマーガア.png 1`] = `
"アーマーガア @ ふめい
テラスタイプ: 
特性: ミラーアーマー
性格: なまいき
205(252)-107-131(44)-73-145(212)-69
アイアンヘッド / とんぼがえり / ちょうはつ / はねやすめ"
`;

exports[`readImageToPokesolText > 05_カイリュー.png 1`] = `
"カイリュー @ ふめい
テラスタイプ: 
特性: マルチスケイル
性格: いじっぱり
197(244)-194(180)-425(76)-108-121(4)-101(4)
しんそく / じしん / アンコール / はねやすめ"
`;

exports[`readImageToPokesolText > 06_ヒートロトム.png 1`] = `
"るヒートロトムニニーー @ ふめい
テラスタイプ: 
特性: ふゆう
性格: ずぶとい
157(252)-76-474(252)-125-128(4)-106
イカサマ / ボルトチェンジ / おにび / いたみわけ"
`;

exports[`readImageToPokesolText > 07_ブリムオン.png 1`] = `
"ブリムオン @ ふめい
テラスタイプ: 
特性: マジックミラー
性格: れいせい
163(244)-110-14117(12)-206(252)-123-30
マジカルシャイン / ワイドフォース / サイコショック / サイコノイズ"
`;

exports[`readImageToPokesolText > 08_イエッサン.png 1`] = `
"イエッサン(オス) @ ふめい
テラスタイプ: 
特性: サイコメイカー
性格: のんき
167(252)-85-117(252)-125-116(4)-90
ワイドフォース / マジカルシャイン / いやしのねがい / トリックルーム"
`;

exports[`readImageToPokesolText > 09_カバルドン.png 1`] = `
"カバルドン @ ふめい
テラスタイプ: 
特性: すなおこし
性格: のんき
215(252)-132-152(4)-88-124(252)-60
じしん / あくび / ふきとばし / ステルスロック"
`;

exports[`readImageToPokesolText > 10_ゴチルゼル.png 1`] = `
"ゴチルゼル @ ふめい
テラスタイプ: 
特性: かげふぶふみ
性格: ずぶとい
145-54-161(252)-115-140(76)-108(180)
ねむる / トリック / いやしのはどう / いちゃもん"
`;

exports[`readImageToPokesolText > 11_ヘイラッシャ.png 1`] = `
"ヘイラッシャ @ ふめい
テラスタイプ: 
特性: どんかん
性格: いじっぱり
257(252)-167(252)-436(4)-76-85-40
ねむる / あくび / じしん / ウェーブタックル"
`;

exports[`readImageToPokesolText > 12_バドレックス.png 1`] = `
"バドレックス(白馬) @ ふめい
テラスタイプ: 
特性: じんばいったい(はくば)
性格: いじっぱり
207(252)-238(252)-470-94-151(4)-70
ブリザードランス / つららばり / タネばくだん / 10まんぱりき"
`;

exports[`readImageToPokesolText > 13_イーユイ.png 1`] = `
"鐘アニコンー @ ふめい
テラスタイプ: 
特性: わざわれわいのたま
性格: まじめ
NaN-NaN-10-20(252)-144-5(2)
るんえん / あくのはどう / オーバービヒート / テラバーズドトド"
`;

exports[`readImageToPokesolText > 14_パオジアン.png 1`] = `
"用パナジラアァンー @ ふめい
テラスタイプ: 
特性: わざわいのつるぎ
性格: まじめ
4-18(252)-10(4)-NaN-6-NaN(32)
つららおとし / かみくだく / テラバースト / ことのブフのウフて"
`;

exports[`readImageToPokesolText > 15_ザシアン.png 1`] = `
"の生計講和生誠邊店知生生生生生症証 @ ふめい
テラスタイプ: 
特性: てレニエル
性格: まじめ
NaN-NaN(25)-13(4)-9-NaN-NaN
きょじゅうざん / じゃれつく。 / テラバースト / 00癌癌和語本語衣"
`;

exports[`readImageToPokesolText > 16_キラフロル.png 1`] = `
"利和曲半知明昌利利和生生生本語語間 @ ふめい
テラスタイプ: 
特性: エミ
性格: まじめ
NaN-NaN-814(196)-15(4)-NaN-NaN
パワーージェム / マッドショット / ステルスロック / つつズる"
`;

exports[`readImageToPokesolText > 17_パオジアン.png 1`] = `
"パオジアン @ ふめい
テラスタイプ: 
特性: わざわいのつるぎ
性格: いじっぱり
155-189(252)-101(4)-99-85-187(4)
つららおとし / テラバースト / ふいうち / みがわり"
`;

exports[`readImageToPokesolText > 18_オーロンゲ.png 1`] = `
"オーロンゲニーー @ ふめい
テラスタイプ: 
特性: いたずらごころ
性格: しんちょう
202(252)-140-109(188)-4-114(68)-80
ソウルクラッシュ / でんじは / リフレクター / ひかりのかべ"
`;

exports[`readImageToPokesolText > 19_テツノワダチ.png 1`] = `
"テツノワダチ @ ふめい
テラスタイプ: 
特性: クォークチャージ
性格: ようき
189(188)-133(4)-4141(4)-82-120(236)-4149(76)
じならし / アイアンヘッド / はたきおとす / がむしゃら"
`;

exports[`readImageToPokesolText > 20_メタモン.png 1`] = `
"メタモン @ ふめい
テラスタイプ: 
特性: かわりもの。
性格: なまいき
155(252)-68-69(4)-68-110(252)-47
へんしん / わざを入力 / わざを入力 / わざを入力"
`;

exports[`readImageToPokesolText > 21_ハバタクカミ.png 1`] = `
"庄かハバタムクカミニーニー @ ふめい
テラスタイプ: 
特性: ーだいかっせい
性格: まじめ
NaN(228)-5-116(244)-156(4)-415(4)-NaN
ムーンフォース / マジカルフレイム / ちょうはつ / いたみねもけ"
`;

exports[`readImageToPokesolText > 22_ディンルー.png 1`] = `
"信デンソルー @ ふめい
テラスタイプ: 
特性: わざわいのうつわれ
性格: まじめ
NaN(2)-NaN(4)-176(116)-6-142(156)-NaN
がんせきふうじ / カタストロフィニ / ステルスロック / ぶさとはじレ"
`;

exports[`readImageToPokesolText > 23_ハバタクカミ.webp 1`] = `
"ハバタクカミニーニー @ ふめい
テラスタイプ: 
特性: こだいかっせい
性格: おくびょう
147(132)-67-74(252)-168(100)-156(4)-173(20)
ドレインキッス / シャドーボール・ / マジカルフレイム / めいそう"
`;

exports[`readImageToPokesolText > 24_コライドン.webp 1`] = `
"コライドン @ ふめい
テラスタイプ: 
特性: ひひいろのこどう
性格: いじっぱり
175-205(252)-436(4)-94-120-187(252)
フレアドライブ / インファイト / ニトロチャージ / とんぼがえり"
`;

exports[`readImageToPokesolText > 91_ミライドン_余白.webp 1`] = `
"全ニニントー @ ふめい
テラスタイプ: 
特性: ロマソエマララソ
性格: まじめ
NaN-4-123(20)-187(416)-136(4)-170(116)
イナズマドライブ / テラパースト / めいそう / こうそくいどう"
`;
