// Vitest Snapshot v1, https://vitest.dev/guide/snapshot.html

exports[`readImageToPokesolText > 07_ブリムオン 1`] = `
"ブリムオン @ ふめい
テラスタイプ: 
特性: マジックミラー
性格: れいせい
163(244)-110-14117(12)-206(252)-123-30
マジカルシャイン / ワイドフォース / サイコショック / サイコノイズ"
`;

exports[`readImageToPokesolText > 08_イエッサン 1`] = `
"イエッサン(オス) @ ふめい
テラスタイプ: 
特性: サイコメイカー
性格: のんき
167(252)-85-117(252)-125-116(4)-90
ワイドフォース / マジカルシャイン / いやしのねがい / トリックルーム"
`;
